// Jest Snapshot v1, https://goo.gl/fbAQLP

exports[`Higher Order Component test suite. Should render withError component. 1`] = `
<h1>
  Hello World
</h1>
`;
