// Jest Snapshot v1, https://goo.gl/fbAQLP

exports[`App Component Should render w/out crashing 1`] = `
<div
  className="app"
>
  <div
    className="header"
  >
    <h1>
      Welcome to React starter kit.
    </h1>
  </div>
</div>
`;
